[    0.000000] Initializing cgroup subsys cpuset
[    0.000000] Initializing cgroup subsys cpu
[    0.000000] Initializing cgroup subsys cpuacct
[    0.000000] Linux version 4.4.0-116-generic (buildd@lgw01-amd64-021) (gcc version 5.4.0 20160609 (Ubuntu 5.4.0-6ubuntu1~16.04.9) ) #140-Ubuntu SMP Mon Feb 12 21:23:04 UTC 2018 (Ubuntu 4.4.0-116.140-generic 4.4.98)
[    0.000000] Command line: BOOT_IMAGE=/boot/vmlinuz-4.4.0-116-generic root=LABEL=cloudimg-rootfs ro console=tty1 console=ttyS0
[    0.000000] KERNEL supported cpus:
[    0.000000]   Intel GenuineIntel
[    0.000000]   AMD AuthenticAMD
[    0.000000]   Centaur CentaurHauls
[    0.000000] x86/fpu: xstate_offset[2]:  576, xstate_sizes[2]:  256
[    0.000000] x86/fpu: Supporting XSAVE feature 0x01: 'x87 floating point registers'
[    0.000000] x86/fpu: Supporting XSAVE feature 0x02: 'SSE registers'
[    0.000000] x86/fpu: Supporting XSAVE feature 0x04: 'AVX registers'
[    0.000000] x86/fpu: Enabled xstate features 0x7, context size is 832 bytes, using 'standard' format.
[    0.000000] x86/fpu: Using 'lazy' FPU context switches.
[    0.000000] e820: BIOS-provided physical RAM map:
[    0.000000] BIOS-e820: [mem 0x0000000000000000-0x000000000009fbff] usable
[    0.000000] BIOS-e820: [mem 0x000000000009fc00-0x000000000009ffff] reserved
[    0.000000] BIOS-e820: [mem 0x00000000000f0000-0x00000000000fffff] reserved
[    0.000000] BIOS-e820: [mem 0x0000000000100000-0x000000003ffeffff] usable
[    0.000000] BIOS-e820: [mem 0x000000003fff0000-0x000000003fffffff] ACPI data
[    0.000000] BIOS-e820: [mem 0x00000000fec00000-0x00000000fec00fff] reserved
[    0.000000] BIOS-e820: [mem 0x00000000fee00000-0x00000000fee00fff] reserved
[    0.000000] BIOS-e820: [mem 0x00000000fffc0000-0x00000000ffffffff] reserved
[    0.000000] NX (Execute Disable) protection: active
[    0.000000] SMBIOS 2.5 present.
[    0.000000] Hypervisor detected: KVM
[    0.000000] e820: last_pfn = 0x3fff0 max_arch_pfn = 0x400000000
[    0.000000] MTRR: Disabled
[    0.000000] x86/PAT: MTRRs disabled, skipping PAT initialization too.
[    0.000000] CPU MTRRs all blank - virtualized system.
[    0.000000] x86/PAT: Configuration [0-7]: WB  WT  UC- UC  WB  WT  UC- UC  
[    0.000000] found SMP MP-table at [mem 0x0009fff0-0x0009ffff] mapped at [ffff88000009fff0]
[    0.000000] Scanning 1 areas for low memory corruption
[    0.000000] RAMDISK: [mem 0x36ac2000-0x37558fff]
[    0.000000] ACPI: Early table checksum verification disabled
[    0.000000] ACPI: RSDP 0x00000000000E0000 000024 (v02 VBOX  )
[    0.000000] ACPI: XSDT 0x000000003FFF0030 00003C (v01 VBOX   VBOXXSDT 00000001 ASL  00000061)
[    0.000000] ACPI: FACP 0x000000003FFF00F0 0000F4 (v04 VBOX   VBOXFACP 00000001 ASL  00000061)
[    0.000000] ACPI: DSDT 0x000000003FFF0470 0021FF (v02 VBOX   VBOXBIOS 00000002 INTL 20100528)
[    0.000000] ACPI: FACS 0x000000003FFF0200 000040
[    0.000000] ACPI: FACS 0x000000003FFF0200 000040
[    0.000000] ACPI: APIC 0x000000003FFF0240 000054 (v02 VBOX   VBOXAPIC 00000001 ASL  00000061)
[    0.000000] ACPI: SSDT 0x000000003FFF02A0 0001CC (v01 VBOX   VBOXCPUT 00000002 INTL 20100528)
[    0.000000] No NUMA configuration found
[    0.000000] Faking a node at [mem 0x0000000000000000-0x000000003ffeffff]
[    0.000000] NODE_DATA(0) allocated [mem 0x3ffeb000-0x3ffeffff]
[    0.000000] kvm-clock: Using msrs 4b564d01 and 4b564d00
[    0.000000] kvm-clock: cpu 0, msr 0:3ffe3001, primary cpu clock
[    0.000000] kvm-clock: using sched offset of 10074672111 cycles
[    0.000000] clocksource: kvm-clock: mask: 0xffffffffffffffff max_cycles: 0x1cd42e4dffb, max_idle_ns: 881590591483 ns
[    0.000000] Zone ranges:
[    0.000000]   DMA      [mem 0x0000000000001000-0x0000000000ffffff]
[    0.000000]   DMA32    [mem 0x0000000001000000-0x000000003ffeffff]
[    0.000000]   Normal   empty
[    0.000000]   Device   empty
[    0.000000] Movable zone start for each node
[    0.000000] Early memory node ranges
[    0.000000]   node   0: [mem 0x0000000000001000-0x000000000009efff]
[    0.000000]   node   0: [mem 0x0000000000100000-0x000000003ffeffff]
[    0.000000] Initmem setup node 0 [mem 0x0000000000001000-0x000000003ffeffff]
[    0.000000] ACPI: PM-Timer IO Port: 0x4008
[    0.000000] IOAPIC[0]: apic_id 1, version 32, address 0xfec00000, GSI 0-23
[    0.000000] ACPI: INT_SRC_OVR (bus 0 bus_irq 0 global_irq 2 dfl dfl)
[    0.000000] ACPI: INT_SRC_OVR (bus 0 bus_irq 9 global_irq 9 low level)
[    0.000000] Using ACPI (MADT) for SMP configuration information
[    0.000000] smpboot: Allowing 1 CPUs, 0 hotplug CPUs
[    0.000000] PM: Registered nosave memory: [mem 0x00000000-0x00000fff]
[    0.000000] PM: Registered nosave memory: [mem 0x0009f000-0x0009ffff]
[    0.000000] PM: Registered nosave memory: [mem 0x000a0000-0x000effff]
[    0.000000] PM: Registered nosave memory: [mem 0x000f0000-0x000fffff]
[    0.000000] e820: [mem 0x40000000-0xfebfffff] available for PCI devices
[    0.000000] Booting paravirtualized kernel on KVM
[    0.000000] clocksource: refined-jiffies: mask: 0xffffffff max_cycles: 0xffffffff, max_idle_ns: 7645519600211568 ns
[    0.000000] setup_percpu: NR_CPUS:512 nr_cpumask_bits:512 nr_cpu_ids:1 nr_node_ids:1
[    0.000000] PERCPU: Embedded 34 pages/cpu @ffff88003fc00000 s99544 r8192 d31528 u2097152
[    0.000000] PV qspinlock hash table entries: 256 (order: 0, 4096 bytes)
[    0.000000] Built 1 zonelists in Node order, mobility grouping on.  Total pages: 257913
[    0.000000] Policy zone: DMA32
[    0.000000] Kernel command line: BOOT_IMAGE=/boot/vmlinuz-4.4.0-116-generic root=LABEL=cloudimg-rootfs ro console=tty1 console=ttyS0
[    0.000000] PID hash table entries: 4096 (order: 3, 32768 bytes)
[    0.000000] Memory: 1001824K/1048120K available (8530K kernel code, 1309K rwdata, 3992K rodata, 1508K init, 1316K bss, 46296K reserved, 0K cma-reserved)
[    0.000000] SLUB: HWalign=64, Order=0-3, MinObjects=0, CPUs=1, Nodes=1
[    0.000000] Kernel/User page tables isolation: enabled
[    0.000000] Hierarchical RCU implementation.
[    0.000000] 	Build-time adjustment of leaf fanout to 64.
[    0.000000] 	RCU restricting CPUs from NR_CPUS=512 to nr_cpu_ids=1.
[    0.000000] RCU: Adjusting geometry for rcu_fanout_leaf=64, nr_cpu_ids=1
[    0.000000] NR_IRQS:33024 nr_irqs:256 16
[    0.000000] Console: colour VGA+ 80x25
[    0.000000] console [tty1] enabled
[    0.000000] console [ttyS0] enabled
[    0.000000] tsc: Detected 3392.144 MHz processor
[    3.950852] Calibrating delay loop (skipped) preset value.. 6784.28 BogoMIPS (lpj=13568576)
[    3.952023] pid_max: default: 32768 minimum: 301
[    3.952640] ACPI: Core revision 20150930
[    3.954058] ACPI: 2 ACPI AML tables successfully acquired and loaded
[    3.996653] Security Framework initialized
[    4.050473] Yama: becoming mindful.
[    4.128454] AppArmor: AppArmor initialized
[    4.232988] Dentry cache hash table entries: 131072 (order: 8, 1048576 bytes)
[    4.391971] Inode-cache hash table entries: 65536 (order: 7, 524288 bytes)
[    4.396578] Mount-cache hash table entries: 2048 (order: 2, 16384 bytes)
[    4.397779] Mountpoint-cache hash table entries: 2048 (order: 2, 16384 bytes)
[    4.398824] Initializing cgroup subsys io
[    4.401209] Initializing cgroup subsys memory
[    4.447158] Initializing cgroup subsys devices
[    4.490287] Initializing cgroup subsys freezer
[    4.560447] Initializing cgroup subsys net_cls
[    4.646621] Initializing cgroup subsys perf_event
[    4.726776] Initializing cgroup subsys net_prio
[    4.751117] Initializing cgroup subsys hugetlb
[    4.764855] Initializing cgroup subsys pids
[    4.772944] CPU: Physical Processor ID: 0
[    4.773526] FEATURE SPEC_CTRL Not Present
[    4.774824] mce: CPU supports 0 MCE banks
[    4.775402] process: using mwait in idle threads
[    4.776050] Last level iTLB entries: 4KB 1024, 2MB 1024, 4MB 1024
[    4.851398] Last level dTLB entries: 4KB 1024, 2MB 1024, 4MB 1024, 1GB 4
[    4.865824] Spectre V2 mitigation: Mitigation: Full generic retpoline
[    4.897303] Spectre V2 mitigation: Speculation control IBPB not-supported IBRS not-supported
[    4.920598] Freeing SMP alternatives memory: 32K
[    5.094653] ftrace: allocating 32186 entries in 126 pages
[    5.139927] smpboot: APIC(0) Converting physical 0 to logical package 0
[    5.295189] smpboot: Max logical packages: 1
[    5.395680] x2apic enabled
[    5.472831] Switched APIC routing to physical x2apic.
[    5.599396] ..TIMER: vector=0x30 apic1=0 pin1=2 apic2=-1 pin2=-1
[    5.750592] smpboot: CPU0: Intel(R) Core(TM) i7-4770 CPU @ 3.40GHz (family: 0x6, model: 0x3c, stepping: 0x3)
[    5.848018] Performance Events: unsupported p6 CPU model 60 no PMU driver, software events only.
[    5.957053] KVM setup paravirtual spinlock
[    6.066137] x86: Booted up 1 node, 1 CPUs
[    6.193189] smpboot: Total of 1 processors activated (6784.28 BogoMIPS)
[    6.395819] devtmpfs: initialized
[    6.482580] evm: security.selinux
[    6.595969] evm: security.SMACK64
[    6.674200] evm: security.SMACK64EXEC
[    6.676370] evm: security.SMACK64TRANSMUTE
[    6.676966] evm: security.SMACK64MMAP
[    6.690982] evm: security.ima
[    6.691446] evm: security.capability
[    6.710489] clocksource: jiffies: mask: 0xffffffff max_cycles: 0xffffffff, max_idle_ns: 7645041785100000 ns
[    6.711769] futex hash table entries: 256 (order: 2, 16384 bytes)
[    6.712615] pinctrl core: initialized pinctrl subsystem
[    6.713570] RTC time: 19:37:22, date: 03/30/18
[    6.745616] NET: Registered protocol family 16
[    6.811177] cpuidle: using governor ladder
[    6.924469] cpuidle: using governor menu
[    6.947885] PCCT header not found.
[    7.033998] ACPI: bus type PCI registered
[    7.099778] acpiphp: ACPI Hot Plug PCI Controller Driver version: 0.5
[    7.209240] PCI: Using configuration type 1 for base access
[    7.242025] ACPI: Added _OSI(Module Device)
[    7.349756] ACPI: Added _OSI(Processor Device)
[    7.365251] ACPI: Added _OSI(3.0 _SCP Extensions)
[    7.377955] ACPI: Added _OSI(Processor Aggregator Device)
[    7.400017] ACPI: Executed 1 blocks of module-level executable AML code
[    7.508350] ACPI: Interpreter enabled
[    7.598028] ACPI: (supports S0 S5)
[    7.669429] ACPI: Using IOAPIC for interrupt routing
[    7.671516] PCI: Using host bridge windows from ACPI; if necessary, use "pci=nocrs" and report a bug
[    7.675451] ACPI: PCI Root Bridge [PCI0] (domain 0000 [bus 00-ff])
[    7.691006] acpi PNP0A03:00: _OSC: OS supports [ASPM ClockPM Segments MSI]
[    7.691831] acpi PNP0A03:00: _OSC: not requesting OS control; OS requires [ExtendedConfig ASPM ClockPM MSI]
[    7.693083] acpi PNP0A03:00: fail to add MMCONFIG information, can't access extended PCI configuration space under this bridge.
[    7.694774] PCI host bridge to bus 0000:00
[    7.696996] pci_bus 0000:00: root bus resource [io  0x0000-0x0cf7 window]
[    7.721206] pci_bus 0000:00: root bus resource [io  0x0d00-0xffff window]
[    7.772629] pci_bus 0000:00: root bus resource [mem 0x000a0000-0x000bffff window]
[    7.806834] pci_bus 0000:00: root bus resource [mem 0x40000000-0xfdffffff window]
[    7.807950] pci_bus 0000:00: root bus resource [bus 00-ff]
[    7.810124] pci 0000:00:01.1: legacy IDE quirk: reg 0x10: [io  0x01f0-0x01f7]
[    7.920803] pci 0000:00:01.1: legacy IDE quirk: reg 0x14: [io  0x03f6]
[    7.921635] pci 0000:00:01.1: legacy IDE quirk: reg 0x18: [io  0x0170-0x0177]
[    7.952341] pci 0000:00:01.1: legacy IDE quirk: reg 0x1c: [io  0x0376]
[    8.017861] pci 0000:00:07.0: quirk: [io  0x4000-0x403f] claimed by PIIX4 ACPI
[    8.051667] pci 0000:00:07.0: quirk: [io  0x4100-0x410f] claimed by PIIX4 SMB
[    8.173156] ACPI: PCI Interrupt Link [LNKA] (IRQs 5 9 10 *11)
[    8.199350] ACPI: PCI Interrupt Link [LNKB] (IRQs 5 9 *10 11)
[    8.246899] ACPI: PCI Interrupt Link [LNKC] (IRQs 5 *9 10 11)
[    8.306715] ACPI: PCI Interrupt Link [LNKD] (IRQs 5 9 10 *11)
[    8.404217] ACPI: Enabled 2 GPEs in block 00 to 07
[    8.444062] vgaarb: setting as boot device: PCI:0000:00:02.0
[    8.536635] vgaarb: device added: PCI:0000:00:02.0,decodes=io+mem,owns=io+mem,locks=none
[    8.687312] vgaarb: loaded
[    8.720307] vgaarb: bridge control possible 0000:00:02.0
[    8.794086] SCSI subsystem initialized
[    8.893454] ACPI: bus type USB registered
[    8.919816] usbcore: registered new interface driver usbfs
[    8.943186] usbcore: registered new interface driver hub
[    8.957918] usbcore: registered new device driver usb
[    9.079294] PCI: Using ACPI for IRQ routing
[    9.171273] NetLabel: Initializing
[    9.237343] NetLabel:  domain hash size = 128
[    9.361660] NetLabel:  protocols = UNLABELED CIPSOv4
[    9.452575] NetLabel:  unlabeled traffic allowed by default
[    9.454889] amd_nb: Cannot enumerate AMD northbridges
[    9.455556] clocksource: Switched to clocksource kvm-clock
[    9.462298] AppArmor: AppArmor Filesystem Enabled
[    9.552388] pnp: PnP ACPI init
[    9.607667] pnp: PnP ACPI: found 3 devices
[    9.720992] clocksource: acpi_pm: mask: 0xffffff max_cycles: 0xffffff, max_idle_ns: 2085701024 ns
[    9.753319] NET: Registered protocol family 2
[    9.756304] TCP established hash table entries: 8192 (order: 4, 65536 bytes)
[    9.757205] TCP bind hash table entries: 8192 (order: 5, 131072 bytes)
[    9.758017] TCP: Hash tables configured (established 8192 bind 8192)
[    9.762714] UDP hash table entries: 512 (order: 2, 16384 bytes)
[    9.770714] UDP-Lite hash table entries: 512 (order: 2, 16384 bytes)
[    9.775436] NET: Registered protocol family 1
[    9.776173] pci 0000:00:00.0: Limiting direct PCI/PCI transfers
[    9.776953] pci 0000:00:01.0: Activating ISA DMA hang workarounds
[    9.797867] Unpacking initramfs...
[   11.200907] Freeing initrd memory: 10844K
[   11.331661] RAPL PMU detected, API unit is 2^-32 Joules, 4 fixed counters 10737418240 ms ovfl timer
[   11.565402] hw unit of domain pp0-core 2^-0 Joules
[   11.598631] hw unit of domain package 2^-0 Joules
[   11.633875] hw unit of domain dram 2^-0 Joules
[   11.696969] hw unit of domain pp1-gpu 2^-0 Joules
[   11.755955] platform rtc_cmos: registered platform RTC device (no PNP device found)
[   11.920323] Scanning for low memory corruption every 60 seconds
[   12.062177] audit: initializing netlink subsys (disabled)
[   12.166481] audit: type=2000 audit(1522438650.440:1): initialized
[   12.199177] Initialise system trusted keyring
[   12.199841] HugeTLB registered 2 MB page size, pre-allocated 0 pages
[   12.201565] zbud: loaded
[   12.202199] VFS: Disk quotas dquot_6.6.0
[   12.204685] VFS: Dquot-cache hash table entries: 512 (order 0, 4096 bytes)
[   12.205725] squashfs: version 4.0 (2009/01/31) Phillip Lougher
[   12.206696] fuse init (API version 7.23)
[   12.230002] Key type big_key registered
[   12.342452] Allocating IMA MOK and blacklist keyrings.
[   12.446247] Key type asymmetric registered
[   12.535996] Asymmetric key parser 'x509' registered
[   12.636306] Block layer SCSI generic (bsg) driver version 0.4 loaded (major 249)
[   12.693655] io scheduler noop registered
[   12.696207] io scheduler deadline registered (default)
[   12.696887] io scheduler cfq registered
[   12.728451] pci_hotplug: PCI Hot Plug PCI Core version: 0.5
[   12.806989] tsc: Refined TSC clocksource calibration: 3392.421 MHz
[   12.923166] clocksource: tsc: mask: 0xffffffffffffffff max_cycles: 0x30e65796873, max_idle_ns: 440795362722 ns
[   13.150205] pciehp: PCI Express Hot Plug Controller Driver version: 0.4
[   13.292804] ACPI: AC Adapter [AC] (on-line)
[   13.296820] input: Power Button as /devices/LNXSYSTM:00/LNXPWRBN:00/input/input0
[   13.297882] ACPI: Power Button [PWRF]
[   13.298496] input: Sleep Button as /devices/LNXSYSTM:00/LNXSLPBN:00/input/input1
[   13.299544] ACPI: Sleep Button [SLPF]
[   13.401279] GHES: HEST is not enabled!
[   13.493212] Serial: 8250/16550 driver, 32 ports, IRQ sharing enabled
[   13.572520] 00:02: ttyS0 at I/O 0x3f8 (irq = 4, base_baud = 115200) is a 16550A
[   13.751168] Linux agpgart interface v0.103
[   13.852395] loop: module loaded
[   13.884559] scsi host0: ata_piix
[   13.930313] scsi host1: ata_piix
[   13.974155] ata1: PATA max UDMA/33 cmd 0x1f0 ctl 0x3f6 bmdma 0xd000 irq 14
[   14.103245] ata2: PATA max UDMA/33 cmd 0x170 ctl 0x376 bmdma 0xd008 irq 15
[   14.260486] libphy: Fixed MDIO Bus: probed
[   14.344654] tun: Universal TUN/TAP device driver, 1.6
[   14.451178] tun: (C) 1999-2004 Max Krasnyansky <maxk@qualcomm.com>
[   14.556935] PPP generic driver version 2.4.2
[   14.658638] ehci_hcd: USB 2.0 'Enhanced' Host Controller (EHCI) Driver
[   14.701622] ehci-pci: EHCI PCI platform driver
[   14.705607] ehci-platform: EHCI generic platform driver
[   14.712471] ohci_hcd: USB 1.1 'Open' Host Controller (OHCI) Driver
[   14.713449] ohci-pci: OHCI PCI platform driver
[   14.718440] ohci-platform: OHCI generic platform driver
[   14.726948] uhci_hcd: USB Universal Host Controller Interface driver
[   14.727827] i8042: PNP: PS/2 Controller [PNP0303:PS2K,PNP0f03:PS2M] at 0x60,0x64 irq 1,12
[   14.741571] serio: i8042 KBD port at 0x60,0x64 irq 1
[   14.742250] serio: i8042 AUX port at 0x60,0x64 irq 12
[   14.743042] mousedev: PS/2 mouse device common for all mice
[   14.782052] input: AT Translated Set 2 keyboard as /devices/platform/i8042/serio0/input/input2
[   14.821115] rtc_cmos rtc_cmos: rtc core: registered rtc_cmos as rtc0
[   14.867797] rtc_cmos rtc_cmos: alarms up to one day, 114 bytes nvram
[   14.911751] i2c /dev entries driver
[   14.922507] device-mapper: uevent: version 1.0.3
[   14.923171] device-mapper: ioctl: 4.34.0-ioctl (2015-10-28) initialised: dm-devel@redhat.com
[   14.924326] ledtrig-cpu: registered to indicate activity on CPUs
[   14.925258] NET: Registered protocol family 10
[   14.926016] NET: Registered protocol family 17
[   14.926627] Key type dns_resolver registered
[   14.940107] microcode: CPU0 sig=0x306c3, pf=0x40, revision=0x0
[   15.009489] microcode: Microcode Update Driver: v2.01 <tigran@aivazian.fsnet.co.uk>, Peter Oruba
[   15.091937] registered taskstats version 1
[   15.134517] Loading compiled-in X.509 certificates
[   15.215122] Loaded X.509 cert 'Build time autogenerated kernel key: aa84f01984fbd529c105810b59e379d349698248'
[   15.278517] zswap: loaded using pool lzo/zbud
[   15.287354] Key type trusted registered
[   15.294224] Key type encrypted registered
[   15.299813] AppArmor: AppArmor sha1 policy hashing enabled
[   15.369232] ima: No TPM chip found, activating TPM-bypass!
[   15.492373] evm: HMAC attrs: 0x1
[   15.580652]   Magic number: 10:832:648
[   15.664517] rtc_cmos rtc_cmos: setting system clock to 2018-03-30 19:37:31 UTC (1522438651)
[   15.746871] BIOS EDD facility v0.16 2004-Jun-25, 0 devices found
[   15.839399] EDD information not available.
[   15.853045] Freeing unused kernel memory: 1508K
[   15.889194] Write protecting the kernel read-only data: 14336k
[   15.999030] Freeing unused kernel memory: 1700K
[   16.088823] Freeing unused kernel memory: 104K
Loading, please [   16.174111] random: udevadm: uninitialized urandom read (16 bytes read, 4 bits of entropy available)
wait...
startin[   16.328283] random: systemd-udevd: uninitialized urandom read (16 bytes read, 4 bits of entropy available)
g version 229
[   16.388260] random: systemd-udevd: uninitialized urandom read (16 bytes read, 4 bits of entropy available)
[   16.416998] random: systemd-udevd: uninitialized urandom read (16 bytes read, 4 bits of entropy available)
[   16.418232] random: systemd-udevd: uninitialized urandom read (16 bytes read, 4 bits of entropy available)
[   16.536734] random: udevadm: uninitialized urandom read (16 bytes read, 4 bits of entropy available)
[   16.676730] random: systemd-udevd: uninitialized urandom read (16 bytes read, 4 bits of entropy available)
[   16.823692] random: udevadm: uninitialized urandom read (16 bytes read, 4 bits of entropy available)
[   16.853594] random: udevadm: uninitialized urandom read (16 bytes read, 4 bits of entropy available)
[   16.859793] random: udevadm: uninitialized urandom read (16 bytes read, 4 bits of entropy available)
[   16.933342] e1000: Intel(R) PRO/1000 Network Driver - version 7.3.21-k8-NAPI
[   17.067296] e1000: Copyright (c) 1999-2006 Intel Corporation.
[   17.139667] Fusion MPT base driver 3.04.20
[   17.171963] Copyright (c) 1999-2008 LSI Corporation
[   17.281708] AVX2 version of gcm_enc/dec engaged.
[   17.373538] AES CTR mode by8 optimization enabled
[   17.442987] Fusion MPT SPI Host driver 3.04.20
[   17.550095] input: ImExPS/2 Generic Explorer Mouse as /devices/platform/i8042/serio1/input/input4
[   18.019770] e1000 0000:00:03.0 eth0: (PCI:33MHz:32-bit) 02:e1:a6:2d:7f:b0
[   18.180877] e1000 0000:00:03.0 eth0: Intel(R) PRO/1000 Network Connection
[   18.226391] mptbase: ioc0: Initiating bringup
[   18.299699] ioc0: LSI53C1030 A0: Capabilities={Initiator}
[   18.580928] scsi host2: ioc0: LSI53C1030 A0, FwRev=00000000h, Ports=1, MaxQ=256, IRQ=20
[   18.889423] scsi 2:0:0:0: Direct-Access     VBOX     HARDDISK         1.0  PQ: 0 ANSI: 5
[   19.075495] scsi target2:0:0: Beginning Domain Validation
[   19.172609] scsi target2:0:0: Domain Validation skipping write tests
[   19.313983] scsi target2:0:0: Ending Domain Validation
[   19.664189] scsi target2:0:0: asynchronous
[   19.758618] scsi 2:0:1:0: Direct-Access     VBOX     HARDDISK         1.0  PQ: 0 ANSI: 5
[   19.935963] scsi target2:0:1: Beginning Domain Validation
[   20.075789] e1000 0000:00:08.0 eth1: (PCI:33MHz:32-bit) 08:00:27:8e:44:d8
[   20.282673] e1000 0000:00:08.0 eth1: Intel(R) PRO/1000 Network Connection
[   20.320873] scsi target2:0:1: Domain Validation skipping write tests
[   20.357906] scsi target2:0:1: Ending Domain Validation
[   20.471344] floppy0: no floppy controllers found
[   20.571999] e1000 0000:00:08.0 enp0s8: renamed from eth1
[   20.586622] e1000 0000:00:03.0 enp0s3: renamed from eth0
[   20.589634] scsi target2:0:1: asynchronous
[   20.596373] sd 2:0:0:0: Attached scsi generic sg0 type 0
[   20.679663] sd 2:0:0:0: [sda] 20971520 512-byte logical blocks: (10.7 GB/10.0 GiB)
[   20.737670] sd 2:0:0:0: [sda] Write Protect is off
[   20.772129] sd 2:0:1:0: [sdb] 20480 512-byte logical blocks: (10.5 MB/10.0 MiB)
[   20.815945] sd 2:0:1:0: Attached scsi generic sg1 type 0
[   20.866651] sd 2:0:0:0: [sda] Incomplete mode parameter data
[   20.963443] sd 2:0:0:0: [sda] Assuming drive cache: write through
[   21.099983] sd 2:0:1:0: [sdb] Write Protect is off
[   21.104407] sd 2:0:1:0: [sdb] Incomplete mode parameter data
[   21.110868] sd 2:0:1:0: [sdb] Assuming drive cache: write through
[   21.202110]  sda: sda1
[   21.280800] sd 2:0:0:0: [sda] Attached SCSI disk
[   21.389943] sd 2:0:1:0: [sdb] Attached SCSI disk
Begin: Loading e[   22.788266] md: linear personality registered for level -1
ssential drivers[   22.901733] md: multipath personality registered for level -4
 ... [   22.998437] md: raid0 personality registered for level 0
[   23.091401] md: raid1 personality registered for level 1
[   23.163946] raid6: sse2x1   gen() 11603 MB/s
[   23.379914] raid6: sse2x1   xor()  8652 MB/s
[   23.487826] raid6: sse2x2   gen() 13985 MB/s
[   23.603689] raid6: sse2x2   xor()  9390 MB/s
[   23.751745] raid6: sse2x4   gen() 16090 MB/s
[   23.871998] raid6: sse2x4   xor() 11159 MB/s
[   24.039676] raid6: avx2x1   gen() 21685 MB/s
[   24.171868] raid6: avx2x2   gen() 21204 MB/s
[   24.288028] raidd: avx2x4   gen() 29011 MB/s
[   24.334738] raid6: using algorithm avx2x4 gen() 29011 MB/s
[   24.336806] raid6: using avx2x2 recovery algorithm
[   24.339126] xor: automatically using best checksumming function:
[   24.531881]    avx       : 23371.000 MB/sec
[   24.648230] async_tx: api initialized (async)
[   24.717099] md: raid6 personality registered for level 6
[   24.811909] md: raid5 personality registered for level 5
[   24.936219] md: raid4 personality registered for level 4
[   25.061498] md: raid10 personality registered for level 10
done.
Begin: Running /scripts/init-p[   25.142306] Btrfs loaded
remount ... done.
Begin: Mounting root file system ... Begin: Running /scripts/[   25.237595] EXT4-fs (sda1): mounted filesystem with ordered data mode. Opts: (null)
local-top ... done.
Begin: Running /scripts/local-premount ... Scanning for Btrfs filesystems
done.
Warning: fsck not present, so skipping root file system
done.
Begin: Running /scripts/local-bottom ... done.
Begin: Running /scripts/init-bottom ... done.
[   25.816593] systemd[1]: systemd 229 running in system mode. (+PAM +AUDIT +SELINUX +IMA +APPARMOR +SMACK +SYSVINIT +UTMP +LIBCRYPTSETUP +GCRYPT +GNUTLS +ACL +XZ -LZ4 +SECCOMP +BLKID +ELFUTILS +KMOD -IDN)
[   26.089038] systemd[1]: Detected virtualization oracle.
[   26.089730] systemd[1]: Detected architecture x86-64.

Welcome to [1mUbuntu 16.04.4 LTS[0m!

[   26.197406] systemd[1]: Set hostname to <ubuntu>.
[   26.352215] systemd[1]: Initializing machine ID from random generator.
[   26.483662] systemd[1]: Installed transient /etc/machine-id file.
[   26.611135] random: nonblocking pool is initialized
[   27.122592] systemd[1]: Listening on udev Kernel Socket.
[[0;32m  OK  [0m] Listening on udev Kernel Socket.
[   27.288746] systemd[1]: Set up automount Arbitrary Executable File Formats File System Automount Point.
[[0;32m  OK  [0m] Set up automount Arbitrary Executab...ats File System Automount Point.
[   27.547802] systemd[1]: Started Forward Password Requests to Wall Directory Watch.
[[0;32m  OK  [0m] Started Forward Password Requests to Wall Directory Watch.
[   27.760241] systemd[1]: Created slice User and Session Slice.
[[0;32m  OK  [0m] Created slice User and Session Slice.
[   27.956651] systemd[1]: Reached target User and Group Name Lookups.
[[0;32m  OK  [0m] Reached target User and Group Name Lookups.
[   28.212695] systemd[1]: Listening on Journal Socket.
[[0;32m  OK  [0m] Listening on Journal Socket.
[   28.394032] systemd[1]: Listening on LVM2 metadata daemon socket.
[[0;32m  OK  [0m] Listening on LVM2 metadata daemon socket.
[   28.592761] systemd[1]: Created slice System Slice.
[[0;32m  OK  [0m] Created slice System Slice.
[   28.720405] systemd[1]: Reached target Slices.
[[0;32m  OK  [0m] Reached target Slices.
[   28.909257] systemd[1]: Mounting Huge Pages File System...
         Mounting Huge Pages File System...
[   29.132774] systemd[1]: Starting Create list of required static device nodes for the current kernel...
         Starting Create list of required st... nodes for the current kernel...
[   29.454521] systemd[1]: Starting Nameserver information manager...
         Starting Nameserver information manager...
[   29.542199] systemd[1]: Starting Load Kernel Modules...
         Starting Load Kernel Modules...[   29.651705] Loading iSCSI transport class v2.0-870.

[   29.728391] systemd[1]: Mounting POSIX Message Queue File System...
         Mounting POSIX Message Queue File System...
[   29.864414] iscsi: registered transport (tcp)
[   29.948629] systemd[1]: Created slice system-serial\x2dgetty.slice.
[[0;32m  OK  [0m] Created slice[   30.035572] iscsi: registered transport (iser)
 system-serial\x2dgetty.slice.
[   30.136429] systemd[1]: Reached target Encrypted Volumes.
[[0;32m  OK  [0m] Reached target Encrypted Volumes.
[   30.256264] systemd[1]: Listening on Device-mapper event daemon FIFOs.
[[0;32m  OK  [0m] Listening on Device-mapper event daemon FIFOs.
[   30.468737] systemd[1]: Listening on Journal Socket (/dev/log).
[[0;32m  OK  [0m] Listening on Journal Socket (/dev/log).
[   30.644120] systemd[1]: Started Trigger resolvconf update for networkd DNS.
[[0;32m  OK  [0m] Started Trigger resolvconf update for networkd DNS.
[   30.892415] systemd[1]: Reached target Swap.
[[0;32m  OK  [0m] Reached target Swap.
[   31.072377] systemd[1]: Starting Monitoring of LVM2 mirrors, snapshots etc. using dmeventd or progress polling...
         Starting Monitoring of LVM2 mirrors... dmeventd or progress polling...
[   31.504004] systemd[1]: Listening on LVM2 poll daemon socket.
[[0;32m  OK  [0m] Listening on LVM2 poll daemon socket.
[   31.744980] systemd[1]: Listening on udev Control Socket.
[[0;32m  OK  [0m] Listening on udev Control Socket.
[   31.948387] systemd[1]: Listening on Journal Audit Socket.
[[0;32m  OK  [0m] Listening on Journal Audit Socket.
[   32.048605] systemd[1]: Starting Set console keymap...
         Starting Set console keymap...
[   32.100839] systemd[1]: Listening on /dev/initctl Compatibility Named Pipe.
[[0;32m  OK  [0m] Listening on /dev/initctl Compatibility Named Pipe.
[   32.168760] systemd[1]: Starting Remount Root and Kernel File Systems...
         [   32.196741] EXT4-fs (sda1): re-mounted. Opts: (null)
Starting Remount Root and Kernel File Systems...
[   32.309416] systemd[1]: Starting Uncomplicated firewall...
         Starting Uncomplicated firewall...
[   32.436734] systemd[1]: Mounting Debug File System...
         Mounting Debug File System...
[   32.619651] systemd[1]: Listening on Syslog Socket.
[[0;32m  OK  [0m] Listening on Syslog Socket.
[   32.672434] systemd[1]: Starting Journal Service...
         Starting Journal Service...
[   32.766423] systemd[1]: Mounted Huge Pages File System.
[[0;32m  OK  [0m] Mounted Huge Pages File System.
[   32.816429] systemd[1]: Mounted POSIX Message Queue File System.
[[0;32m  OK  [0m] Mounted POSIX Message Queue File System.
[   32.852546] systemd[1]: Mounted Debug File System.
[[0;32m  OK  [0m] Mounted Debug File System.
[   32.869496] systemd[1]: Started Journal Service.
[[0;32m  OK  [0m] Started Journal Service.
[[0;32m  OK  [0m] Started Create list of required sta...ce nodes for the current kernel.
[[0;32m  OK  [0m] Started Load Kernel Modules.
[[0;32m  OK  [0m] Started Set console keymap.
[[0;32m  OK  [0m] Started Remount Root and Kernel File Systems.
[[0;32m  OK  [0m] Started Uncomplicated firewall.
[[0;32m  OK  [0m] Started Nameserver information manager.
[[0;32m  OK  [0m] Started LVM2 metadata daemon.
         Starting Load/Save Random Seed...
         Starting udev Coldplug all Devices...
         Starting Initial cloud-init job (pre-networking)...
         Starting Apply Kernel Variables...
         Mounting FUSE Control File System...
         Starting Create Static Device Nodes in /dev...
         Starting Flush Journal to Persistent Storage...
[[0;32m  OK  [0m] Mounted FUSE Control File System.
[[0;32m  OK  [0m] Started Monitoring of LVM2 mirrors,...ng dmeventd or progress polling.
[[0;32m  OK  [0m] Started Load/Save Random Seed.
[[0;32m  OK  [0m] Started Apply Kernel Variables.
[[0;32m  OK  [0m] Started Create Static Device Nodes in /dev.
[[0;32m  OK  [0m] Started udev Coldplug all Devices.
[[0;32m  OK  [0m] Started Flush Journal to Persistent Storage.
         Starting udev Kernel Device Manager...
[[0;32m  OK  [0m] Started udev Kernel Device Manager.
[[0;32m  OK  [0m] Started Dispatch Password Requests to Console Directory Watch.
[[0;32m  OK  [0m] Reached target Local File Systems (Pre).
[[0;32m  OK  [0m] Reached target Local File Systems.
         Starting LSB: AppArmor initialization...
         Starting Commit a transient machine-id on disk...
         Starting Set console font and keymap...
         Starting Tell Plymouth To Write Out Runtime Data...
         Starting Create Volatile Files and Directories...
[[0;32m  OK  [0m] Started Commit a transient machine-id on disk.
[[0;32m  OK  [0m] Started Tell Plymouth To Write Out Runtime Data.
[[0;32m  OK  [0m] Started Create Volatile Files and Directories.
[[0;32m  OK  [0m] Found device /dev/ttyS0.
         Starting Update UTMP about System Boot/Shutdown...
[[0;32m  OK  [0m] Reached target System Time Synchronized.
[[0;32m  OK  [0m] Started Update UTMP about System Boot/Shutdown.
[[0;32m  OK  [0m] Listening on Load/Save RF Kill Switch Status /dev/rfkill Watch.
[   28.116713] cloud-init[452]: Cloud-init v. 17.1 running 'init-local' at Fri, 30 Mar 2018 19:37:52 +0000. Up 27.50 seconds.
[[0;32m  OK  [0m] Started Initial cloud-init job (pre-networking).
[[0;32m  OK  [0m] Reached target Network (Pre).
[[0;32m  OK  [0m] Started LSB: AppArmor initialization.
[[0;32m  OK  [0m] Started Set console font and keymap.
[[0;32m  OK  [0m] Created slice system-getty.slice.
         Starting Raise network interfaces...
[[0;32m  OK  [0m] Started Raise network interfaces.
[[0;32m  OK  [0m] Reached target Network.
         Starting Initial cloud-init job (metadata service crawler)...
[   30.625574] cloud-init[954]: Cloud-init v. 17.1 running 'init' at Fri, 30 Mar 2018 19:37:54 +0000. Up 29.25 seconds.
[   30.744626] cloud-init[954]: ci-info: ++++++++++++++++++++++++++++++++++++++Net device info++++++++++++++++++++++++++++++++++++++
[   30.910282] cloud-init[954]: ci-info: +--------+-------+----------------------------+---------------+-------+-------------------+
[   31.052967] cloud-init[954]: ci-info: | Device |   Up  |          Address           |      Mask     | Scope |     Hw-Address    |
[[0;32m  OK  [0m] Started Initial cloud-init job (metadata service crawler).
[   31.223842] cloud-init[954]: ci-info: +--------+-------+----------------------------+---------------+-------+-------------------+
[   31.441248] cloud-init[954]: ci-info: | enp0s3 |  True |         10.0.2.15          | 255.255.255.0 |   .   | 02:e1:a6:2d:7f:b0 |
[   31.588897] cloud-init[954]: ci-info: | enp0s3 |  True | fe80::e1:a6ff:fe2d:7fb0/64 |       .       |  link | 02:e1:a6:2d:7f:b0 |
[   31.753154] cloud-init[954]: ci-info: | enp0s8 | False |             .              |       .       |   .   | 08:00:27:8e:44:d8 |
[[0;32m  OK  [0m] Reached target Network is Online.
         Starting iSCSI initiator daemon (iscsid)...
[[0;32m  OK  [0m] Reached target Cloud-config availability.
[[0;32m  OK  [0m] Reached target System Initialization.
[   31.918536] cloud-init[954]: ci-info: |   lo   |  True |         127.0.0.1          |   255.0.0.0   |   .   |         .         |
[   32.293130] cloud-init[954]: ci-info: |   lo   |  True |          ::1/128           |       .       |  host |         .         |
[[0;32m  OK  [0m] Started Daily apt download activities.
[[0;32m  OK  [0m] Started Daily Cleanup of Temporary Directories.
[   32.442569] cloud-init[954]: ci-info: +--------+-------+----------------------------+---------------+-------+-------------------+
[   32.745718] cloud-init[954]: ci-info: +++++++++++++++++++++++++++Route IPv4 info++++++++++++++++++++++++++++
[[0;32m  OK  [0m] Started Timer to automatically refresh installed snaps.
         Starting Socket activation for snappy daemon.
[   32.886583] cloud-init[954]: ci-info: +-------+-------------+----------+---------------+-----------+-------+
[   33.153794] cloud-init[954]: ci-info: | Route | Destination | Gateway  |    Genmask    | Interface | Flags |
[[0;32m  OK  [0m] Started Daily apt upgrade and clean activities.
[   33.251247] cloud-init[954]: ci-info: +-------+-------------+----------+---------------+-----------+-------+
[   33.388369] cloud-init[954]: ci-info: |   0   |   0.0.0.0   | 10.0.2.2 |    0.0.0.0    |   enp0s3  |   UG  |
[[0;32m  OK  [0m] Listening on D-Bus System Message Bus Socket.
[   33.491082] cloud-init[954]: ci-info: |   1   |   10.0.2.0  | 0.0.0.0  | 255.255.255.0 |   enp0s3  |   U   |
[   33.687026] cloud-init[954]: ci-info: +-------+-------------+----------+---------------+-----------+-------+
[   33.800891] cloud-init[954]: Generating public/private rsa key pair.
[[0;32m  OK  [0m] Started ACPI Events Check.
[[0;32m  OK  [0m] Reached target Paths.
[   33.874889] cloud-init[954]: Your identification has been saved in /etc/ssh/ssh_host_rsa_key.
[[0;32m  OK  [0m] Listening on ACPID Listen Socket.
[[0;32m  OK  [0m] Listening on UUID daemon activation socket.
[   34.004142] cloud-init[954]: Your public key has been saved in /etc/ssh/ssh_host_rsa_key.pub.
[   34.089036] cloud-init[954]: The key fingerprint is:
[   34.160391] cloud-init[954]: SHA256:YIz0PgxgetMHKBFxOVJBD481JGsQzaAAu9cbbdTlghQ root@ubuntu-xenial
[   34.236663] cloud-init[954]: The key's randomart image is:
         Starting LXD - unix socket.
[[0;32m  OK  [0m] Reached target Timers.
[   34.314556] cloud-init[954]: +---[RSA 2048]----+
[[0;32m  OK  [0m] Listening on Socket activation for snappy daemon.
[[0;32m  OK  [0m] Listening on LXD - unix socket.
[   34.459434] cloud-init[954]: |@@X=* E.  .      |
[   34.653153] cloud-init[954]: |=**% B o o       |
[[0;32m  OK  [0m] Started iSCSI initiator daemon (iscsid).
[   34.689973] cloud-init[954]: |+o*.* O o .      |
[   34.834085] cloud-init[954]: | + o O . .       |
[   34.886928] cloud-init[954]: |. . o * S        |
         Starting Login to default iSCSI targets...
[[0;32m  OK  [0m] Reached target Sockets.
[   34.955270] cloud-init[954]: | .   + .         |
[   35.128310] cloud-init[954]: |    .            |
[[0;32m  OK  [0m] Reached target Basic System.
         Starting Apply the settings specified in cloud-config...
         Starting System Logging Service...
[[0;32m  OK  [0m] Started Deferred execution scheduler.
[   35.175088] cloud-init[954]: |                 |
         Starting Pollinate to seed the pseudo random number generator...
         Starting LSB: MD monitoring daemon...
[   35.355954] cloud-init[954]: |                 |
[   35.514546] cloud-init[954]: +----[SHA256]-----+
[[0;32m  OK  [0m[   35.592216] cloud-init[954]: Generating public/private dsa key pair.
[   35.592282] cloud-init[954]: Your identification has been saved in /etc/ssh/ssh_host_dsa_key.
[   35.592332] cloud-init[954]: Your public key has been saved in /etc/ssh/ssh_host_dsa_key.pub.
[   35.592405] cloud-init[954]: The key fingerprint is:
[   35.592495] cloud-init[954]: SHA256:teJDqXosZNumOUgmojCljU1oBPoP31+/JOyX2eKm8SQ root@ubuntu-xenial
[   35.592589] cloud-init[954]: The key's randomart image is:
[   35.592664] cloud-init[954]: +---[DSA 1024]----+
[   35.592763] cloud-init[954]: |o                |
[   35.592861] cloud-init[954]: |..               |
[   35.592927] cloud-init[954]: |o.        .      |
[   35.592990] cloud-init[954]: |.oo      o .     |
[   35.593057] cloud-init[954]: |.Bo     S .      |
[   35.593116] cloud-init[954]: |B =+o. + o       |
[   35.593182] cloud-init[954]: |+= +o+o o E o+   |
[   35.593244] cloud-init[954]: |. . +o=. + O* .  |
[   35.593307] cloud-init[954]: |    +*  . o==o   |
[   35.593411] cloud-init[954]: +----[SHA256]-----+
[   35.593479] cloud-init[954]: Generating public/private ecdsa key pair.
[   35.593546] cloud-init[954]: Your identification has been saved in /etc/ssh/ssh_host_ecdsa_key.
[   35.593608] cloud-init[954]: Your public key has been saved in /etc/ssh/ssh_host_ecdsa_key.pub.
[   35.593676] cloud-init[954]: The key fingerprint is:
[   35.593736] cloud-init[954]: SHA256:JXMQX+YqCeZRA2rHchwIbCCSClWn10IV09LpZ1nwYXo root@ubuntu-xenial
[   35.593801] cloud-init[954]: The key's randomart image is:
[   35.593864] cloud-init[954]: +---[ECDSA 256]---+
[   35.593926] cloud-init[954]: |+=oo..=oO= .+.o  |
[   35.593993] cloud-init[954]: |= o .B +.=++ +.. |
[   35.594054] cloud-init[954]: |o.  = @ +o+ ooE  |
[   35.594120] cloud-init[954]: |.  . B + *..+.   |
[   35.594180] cloud-init[954]: |      . S .o     |
[   35.594249] cloud-init[954]: |         .       |
[   35.594311] cloud-init[954]: |                 |
[   35.594386] cloud-init[954]: |                 |
[   35.594449] cloud-init[954]: |                 |
[   35.594513] cloud-init[954]: +----[SHA256]-----+
[   35.594574] cloud-init[954]: Generating public/private ed25519 key pair.
[   35.594640] cloud-init[954]: Your identification has been saved in /etc/ssh/ssh_host_ed25519_key.
[   35.594701] cloud-init[954]: Your public key has been saved in /etc/ssh/ssh_host_ed25519_key.pub.
[   35.594764] cloud-init[954]: The key fingerprint is:
[   35.594827] cloud-init[954]: SHA256:Do1mZHtEannD4ZWoavxD38hkCdC0uf+cZc62025CuKc root@ubuntu-xenial
[   35.594890] cloud-init[954]: The key's randomart image is:
[   35.594956] cloud-init[954]: +--[ED25519 256]--+
[   35.595018] cloud-init[954]: |     o. o...     |
[   35.595082] cloud-init[954]: |    . .O.o.      |
[   35.595144] cloud-init[954]: |     .O.*        |
[   35.595203] cloud-init[954]: |     +oB .       |
[   35.595262] cloud-init[954]: |   . .B.S. .     |
[   35.595359] cloud-init[954]: |    +o.=+ . .    |
[   35.595422] cloud-init[954]: |   . o =oo oo.   |
[   35.595481] cloud-init[954]: |      o +oo*= o  |
[   35.595904] cloud-init[954]: |       .  E++*.  |
[   35.595970] cloud-init[954]: +----[SHA256]-----+
] Started ACPI event daemon.
         Starting /etc/rc.local Compatibility...
         Starting LSB: Record successful boot for GRUB...
[[0;32m  OK  [0m] Started Unattended Upgrades Shutdown.
[   37.196566] cloud-init[1058]: Generating locales (this might take a while)...
[[0;32m  OK  [0m[   38.500703] cloud-init[1058]:   en_US.UTF-8... done
[   38.500828] cloud-init[1058]: Generation complete.
] Started Regular background program processing daemon.
[[0;32m  OK  [0m] Started D-Bus System Message Bus.
         Starting LXD - container startup/shutdown...
[[0;32m  OK  [0m] Started FUSE filesystem for LXC.
         Starting Accounts Service...
         Starting Login Service...
         Starting Snappy daemon...
[[0;32m  OK  [0m] Started System Logging Service.
[[0;32m  OK  [0m] Started Pollinate to seed the pseudo random number generator.
[[0;32m  OK  [0m] Started /etc/rc.local Compatibility.
[[0;32m  OK  [0m] Started Login Service.
         Starting OpenBSD Secure Shell server...
[[0;32m  OK  [0m] Started LSB: MD monitoring daemon.
[[0;32m  OK  [0m] Started LXD - container startup/shutdown.
[[0;32m  OK  [0m] Started LSB: Record successful boot for GRUB.
[[0;32m  OK  [0m] Started Login to default iSCSI targets.
         Starting Authenticate and Authorize Users to Run Privileged Tasks...
[[0;32m  OK  [0m] Reached target Remote File Systems (Pre).
[[0;32m  OK  [0m] Reached target Remote File Systems.
         Starting LSB: automatic crash report generation...
         Starting LSB: Set the CPU Frequency Scaling governor to "ondemand"...
         Starting Permit User Sessions...
         Starting LSB: VirtualBox Linux Additions...
         Starting LSB: daemon to balance interrupts for SMP systems...
[[0;32m  OK  [0m] Started OpenBSD Secure Shell server.
[[0;32m  OK  [0m] Started Permit User Sessions.
[[0;32m  OK  [0m] Started Authenticate and Authorize Users to Run Privileged Tasks.
[[0;32m  OK  [0m] Started Accounts Service.
[[0;32m  OK  [0m] Started LSB: Set the CPU Frequency Scaling governor to "ondemand".
[[0;32m  OK  [0m] Started LSB: automatic crash report generation.
[[0;32m  OK  [0m] Started Snappy daemon.
[[0;32m  OK  [0m] Created slice User Slice of vagrant.
[[0;32m  OK  [0m] Started Session 1 of user vagrant.
         Starting User Manager for UID 1000...
         Starting Terminate Plymouth Boot Screen...
         Starting Hold until boot process finishes up...
[   40.950497] cloud-init[1058]: Cloud-init v. 17.1 running 'modules:config' at Fri, 30 Mar 2018 19:38:00 +0000. Up 35.44 seconds.
[[0;32m  OK  [0m] Started Apply the settings specified in cloud-config.
[[0;32m  OK  [0m] Started Terminate Plymouth Boot Screen.
[[0;32m  OK  [0m] Started LSB: daemon to balance interrupts for SMP systems.
[[0;32m  OK  [0m] Started Hold until boot process finishes up.
[[0;32m  OK  [0m] Started User Manager for UID 1000.
         Starting Set console scheme...
[[0;32m  OK  [0m] Started Getty on tty1.
[[0;32m  OK  [0m] Started Serial Getty on ttyS0.
[[0;32m  OK  [0m] Reached target Login Prompts.
[[0;32m  OK  [0m] Started Set console scheme.
[[0;32m  OK  [0m] Started LSB: VirtualBox Linux Additions.
[[0;32m  OK  [0m] Reached target Multi-User System.
         Starting Execute cloud user/final scripts...
[[0;32m  OK  [0m] Reached target Graphical Interface.
         Starting Update UTMP about System Runlevel Changes...
[[0;32m  OK  [0m] Started Update UTMP about System Runlevel Changes.
ci-info: no authorized ssh keys fingerprints found for user ubuntu.
<14>Mar 30 19:38:07 ec2: 
<14>Mar 30 19:38:07 ec2: #############################################################
<14>Mar 30 19:38:07 ec2: -----BEGIN SSH HOST KEY FINGERPRINTS-----
<14>Mar 30 19:38:07 ec2: 1024 SHA256:teJDqXosZNumOUgmojCljU1oBPoP31+/JOyX2eKm8SQ root@ubuntu-xenial (DSA)
<14>Mar 30 19:38:07 ec2: 256 SHA256:JXMQX+YqCeZRA2rHchwIbCCSClWn10IV09LpZ1nwYXo root@ubuntu-xenial (ECDSA)
<14>Mar 30 19:38:07 ec2: 256 SHA256:Do1mZHtEannD4ZWoavxD38hkCdC0uf+cZc62025CuKc root@ubuntu-xenial (ED25519)
<14>Mar 30 19:38:07 ec2: 2048 SHA256:YIz0PgxgetMHKBFxOVJBD481JGsQzaAAu9cbbdTlghQ root@ubuntu-xenial (RSA)
<14>Mar 30 19:38:07 ec2: -----END SSH HOST KEY FINGERPRINTS-----
<14>Mar 30 19:38:07 ec2: #############################################################
-----BEGIN SSH HOST KEY KEYS-----
ecdsa-sha2-nistp256 AAAAE2VjZHNhLXNoYTItbmlzdHAyNTYAAAAIbmlzdHAyNTYAAABBBNYlt7TTmNjz3r+IPvUfqHiNiNgPQJbzw2mi3Nfzs2U7/ko134GWZ7yCHHZ6QAmQ5GOCzTd5skx1Hik+slIgf4E= root@ubuntu-xenial
ssh-ed25519 AAAAC3NzaC1lZDI1NTE5AAAAIOmGWzheJ/BZgHqOLgvYpbfGoSVR6BFHlryctuYwPO22 root@ubuntu-xenial
ssh-rsa AAAAB3NzaC1yc2EAAAADAQABAAABAQCtnNdjA0CxJ2Jh+ADzQOH3KANeXaqqgq6PnaYq2Uf4C3poMDH/nysENr/sb7EKmhrVThXpmlKKJ/TcX73A8rfuEeF1E9qKS8K38q0mogyF4Z/gxCVj27QixyZ/lfe8NKGaVg6Xb7ozzMBki3rnXTdPwL54AY/Akli02qD//oZIUqOhtYA/tXBGoOCHuI9tYt4OvuZ5mGYzirwRsv8K8kWXZ8JGj2q1lXB8ywstw9KBfQRscB2t3KM4R64dZSINCjucik6FqhWEIv6+CuP1ukRpdL+Z3EbrBbCsmmT23XEyJ8XHGRAxmm+99+JdtxYIeXl5kgs6tP0UMMVvPkwUzf13 root@ubuntu-xenial
-----END SSH HOST KEY KEYS-----
[   43.382477] cloud-init[1348]: Cloud-init v. 17.1 running 'modules:final' at Fri, 30 Mar 2018 19:38:07 +0000. Up 42.19 seconds.
[   43.460020] cloud-init[1348]: ci-info: no authorized ssh keys fingerprints found for user ubuntu.
[   43.508541] cloud-init[1348]: Cloud-init v. 17.1 finished at Fri, 30 Mar 2018 19:38:08 +0000. Datasource DataSourceNoCloud [seed=/dev/sdb][dsmode=net].  Up 43.36 seconds
[[0;32m  OK  [0m] Started Execute cloud user/final scripts.
[[0;32m  OK  [0m] Reached target Cloud-init target.

Ubuntu 16.04.4 LTS ubuntu-xenial ttyS0

ubuntu-xenial login: 